Scourge
Broodling
InfestedTerran
GuardianCocoon
Defiler
Drone
ZergEgg
Guardian
Hydralisk
InfestedKerrigan
Larva
Mutalisk
Overlord
Queen
Ultralisk
Zergling
Cerebrate
InfestedCommandCenter
SpawningPool
MatureChysalis
EvolutionChamber
CreepColony
Hatchery
Hive
Lair
SunkenColony
GreaterSpire
DefilerMound
Queen'sNest
NydusCanal
Overmindw/shell
Overmindw/outshell
UltraliskCavern
Extractor
HydraliskDen
Spire
SporeColony
Arbiter
ArchonEnergy
Carrier
Dragoon
Interceptor
Probe
Scout
Shuttle
HighTemplar
DarkTemplar_Hero_
Reaver
Scarab
Zealot
Observer
TemplarArchives
Assimilator
Observatory
CitadelofAdun
Forge
Gateway
CyberneticsCore
KhaydarinCrystal
Nexus
PhotonCannon
ArbiterTribunal
Pylon
RoboticsFacility
ShieldBattery
Stargate
StasisCell/Prison
RoboticsSupportBay
ProtossTemple
FleetBeacon
Battlecruiser
Civilian
Dropship
Firebat
Ghost
GoliathBase
GoliathTurret
Kerrigan_Ghost_
Marine
Unknown19
Wraith
SCV
SiegeTank_Tank_Base
SiegeTank_Tank_Turret
SiegeTank_Siege_Base
SiegeTank_Siege_Turret
ScienceVessel
ScienceVesselTurret
Vulture
SpiderMine
Academy
Barracks
Armory
ComsatStation
CommandCenter
SupplyDepot
ControlTower
Factory
CovertOps
IonCannon
MachineShop
MissleTurret_Base_
CrashedNoradII
PhysicsLab
Bunker
Refinery
Barracks
ScienceFacility
NukeSilo
Unknown20
Starport
Unknown22
Unknown23
Unknown24
Ragnasaur_Ashworld_
Rynadon_Badlands_
Bengalass_Jungle_
VespeneGeyser
MineralDeposit1
MineralDeposit2
MineralDeposit3
Unused
ZergBeacon
TerranBeacon
ProtossBeacon
DarkSwarm
Flag
Chrysalis
PsiEmmiter
DataDisc
KhadarinCrystal
MineralChunk
Unknown28
ProtossGasOrb
Unknown29
ZergGasSac
Unknown30
TerranGasTank
Unknown31
Unknown33
StartLocation
FusionCutter
Unknown67
Unknown71
GeminiMissles
Unknown68
Unknown70
Unknown69
Unknown72
Unknown73
Unknown74
Unknown77
Unknown62
Unknown63
Unknown64
Unknown65
Unknown89
PsiStorm
Unknown75
PhaseDisruptor
Unknown66
Unknown80
Unknown81
Unknown82
Unknown79
Unknown83
Unknown84
Unknown85
Unknown87
Consume
Ensnare
Unknown78
Unknown92
Unknown101
Unknown102
Unknown103
Unknown104
Unknown105
Unknown34
Unknown39
Unknown35
Unknown36
Unknown37
Unknown38
Unknown201
Unknown202
Unknown205
Unknown206
Unknown208
Unknown209
Unknown211
Unknown207
Unknown223
Unknown215
Unknown218
Unknown219
Unknown216
Unknown217
Unknown212
Unknown213
Unknown214
Unknown228
Unknown229
Unknown230
Unknown232
Unknown233
Unknown226
Unknown235
Unknown236