Scourge
ScourgeShad
ScourgeBirth
ScourgeDeath
ScourgeExplosion
Broodling
BroodlingShad
BroodlingDeath
InfestedTerran
InfestedTerranShad
InfestedTerranExplosion
GuardianCocoon
GuardianCocoonShad
Defiler
DefilerShad
DefilerBirth
DefilerDeath
Drone
DroneShad
DroneBirth
DroneDeath
ZergEgg
ZergEggShad
ZergEggSpawn
ZergEggDeath
Guardian
GuardianShad
GuardianBirth
GuardianDeath
Hydralisk
HydraliskShad
HydraliskBirth
HydraliskDeath
InfestedKerrigan
InfestedKerriganShad
NeedleSpines
Larva
LarvaDeath
Mutalisk
MutaliskShad
MutaliskBirth
MutaliskDeath
Overlord
OverlordShad
OverlordBirth
OverlordDeath
Queen
QueenShad
QueenBirth
QueenDeath
Ultralisk
UltraliskShad
UltraliskBirth
UltraliskDeath
Zergling
ZerglingShad
ZerglingBirth
ZerglingDeath
ZergAirDeathLarge
ZergAirDeathSmall
ZergBuildingDeath
Cerebrate
CerabrateShad
InfestedCommandCenter
SpawningPool
SpawningPoolShad
EvolutionChamber
EvolutinoChamberShad
CreepColony
CreepColonyShad
Hatchery
HatcheryShad
Hive
HiveShad
Lair
LairShad
SunkenColony
SunkenColonyShad
MatureChysalis
MatureChysalisShad
GreaterSpire
GreaterSpireShad
DefilerMound
DefilerMoundShad
QueensNest
QueensNestShad
NydusCanal
NydusCanalShad
Overmindwshell
OvermindShad
Overmindwoutshell
UltraliskCavern
UltraliskCavernShad
Extractor
ExtractorShad
HydraliskDen
HydraliskDenShad
Spire
SpireShad
SporeColony
SporeColonyShad
InfestedCommandCenterOverlay
ZergBuildingMorph1
ZergBuildingMorph2
ZergBuildingMorph3
ZergBuildingMorph4
ZergBuildingMorphShad
ZergBuildingSpawnSmall
ZergBuildingSpawnMedium
ZergBuildingSpawnLarge
ZergBuildingRubbleLarge
ZergBuildingRubbleSmall
Carrier
CarrierShad
CarrierGlow
Unknown115
Interceptor
InterceptorShad
Shuttle
ShuttleShad
ShuttleGlow
Unknown121
Dragoon
DragoonShad
DragoonDeath
Unknown125
HighTemplar
HighTemplarShad
Unknown128
DarkTemplarHero
Arbiter
ArbiterShad
ArbiterGlow
Unknown133
ArchonEnergy
ArchonBeing
ArchonTeamColors
Probe
ProbeShad
Unknown139
Scout
ScoutShad
ScoutGlow
Unknown143
Reaver
ReaverShad
Unknown146
Scarab
Observer
ObserverShad
Unknown150
Zealot
ZealotShad
Unknown153
Unknown154
TemplarArchives
Unknown156
TemplarArchivesShad
Assimilator
Unknown159
Unknown160
Observatory
ObservatoryWarpFlash
ObservatoryShad
CitadelofAdun
CitadelofAdunWarpFlash
CitadelofAdunShad
Forge
ForgeOverlay
ForgeWarpFlash
ForgeShad
Gateway
GatewayWarpFlash
GatewayShad
CyberneticsCore
CyberneticsCoreWarpFlash
CyberneticsCoreOverlay
CyberneticsCoreShad
KhaydarinCrystal
Nexus
NexusWarpFlash
NexusGlow
NexusShad
PhotonCannon
PhotonCannonShad
PhotonCannonWarpFlash
ArbiterTribunal
ArbiterTribunalWarpFlash
ArbiterTribunalShad
Pylon
PylonWarpFlash
PylonShad
RoboticsFacility
RoboticsFacilityWarpFlash
RoboticsFacilityShad
ShieldBattery
ShieldBatteryGlow
ShieldBatteryWarpFlash
ShieldBatteryShad
Stargate
StargateGlow
StargateWarpFlash
StargateShad
StasisCellPrison
RoboticsSupportBay
RoboticsSupportBayWarpFlash
RoboticsSupportBayShad
ProtossTemple
FleetBeacon
Unknown209
Protossbuildingswarptexture
FleetBeaconGlow
FleetBeaconShad
ProtossBuildingExplosionSmall
ProtossBuildingExplosionMedium
ProtossBuildingExplosionLarge
ProtossBuildingRubbleSmall
ProtossBuildingRubbleLarge
Battlecruiser
BattlecruiserShad
BattlecruiserGlow
Civilian
CivilianShad
Dropship
DropshipShad
DropshipGlow
Firebat
FirebatShad
Ghost
GhostShad
GhostDeath
Unknown231
NukeBeam
NukeTarget
GoliathBase
GoliathTurret
GoliathShad
KerriganGhost
KerriganGhostShad
Marine
MarineShad
MarineDeath
Unknown242
Wraith
WraithShad
WraithGlow
Unknown246
SCV
SCVShad
SCVGlow
SiegeTankTankBase
SiegeTankTankTurret
SiegeTankTankShad
SiegeTankSiegeBase
SiegeTankSiegeTurret
SiegeTankSiegeShad
Vulture
VultureShad
SpiderMine
SpiderMineShad
ScienceVessel
ScienceVesselTurret
ScienceVesselShad
Academy
AcademyOverlay
AcademyShad
Barracks
BarracksShad
Armory
ArmoryOverlay
ArmoryShad
ComsatStation
ComsatStationAttachment
ComsatStationOverlay
ComsatStationShad
CommandCenter
CommandCenterOverlay
CommandCenterShad
SupplyDepot
SupplyDepotOverlay
SupplyDepotShad
ControlTower
ControlTowerAttachment
ControlTowerOverlay
ControlTowerShad
Factory
FactoryOverlay
FactoryShad
CovertOps
CovertOpsAttachment
CovertOpsOverlay
CovertOpsShad
IonCannon
MachineShop
MachineShopAttachment
MachineShopShad
MissleTurretBase
MissleTurretTurret
MissleTurretShad
CrashedNoradII
CrashedNoradIIShad
PhysicsLab
PhysicsLabAttachment
PhysicsLabShad
Bunker
BunkerShad
BunkerOverlay
Refinery
RefineryShad
ScienceFacility
ScienceFacilityOverlay
ScienceFacilityShad
NukeSilo
NukeSiloAttachment
NukeSiloOverlay
NukeSiloShad
NuclearMissile
NuclearMissileShad
NuclearExplosion
Starport
StarportOverlay
StarportShad
EngineeringBay
EngineeringBayOverlay
EngineeringBayShad
ConstructionSitelarge
ConstructionSitelargeShad
ConstructionSitemedium
ConstructionSitemediumShad
ConstructionSitesmall
ConstructionSitesmalladdon
ConstructionSitesmallShad
TerranBuildingExplosionsmall
TerranBuildingExplosionmedium
TerranBuildingExplosionlarge
TerranBuildingRubblesmall
TerranBuildingRubblelarge
DarkSwarm
RagnasaurAshworld
RagnasaurShad
RynadonBadlands
RynadonShad
BengalassJungle
BengalassShad
VespeneGeyser
Unknown345
VespeneGeyserShad
MineralDeposit1
MineralDeposit1Shad
MineralDeposit2
MineralDeposit2Shad
MineralDeposit3
MineralDeposit3Shad
Unusedscoutcopy
ZergBeacon
ZergBeaconOverlay
TerranBeacon
TerranBeaconOverlay
ProtossBeacon
ProtossBeaconOverlay
lockdownmissileunused-whitebeam
lockdownunitoverlaysmall
lockdownunitoverlaymedium
lockdownunitoverlaylarge
stasisfieldhit
stasisfieldunitoverlaysmall
stasisfieldunitoverlaymedium
stasisfieldunitoverlaylarge
shieldbatteryunitoverlaysmall
shieldbatteryunitoverlaymedium
shieldbatteryunitoverlaylarge
defencematrixfrontsmall
defencematrixfrontmedium
defencematrixfrontlarge
defencematrixbacksmall
defencematrixbackmedium
defencematrixbacklarge
defencematrixhitsmall
defencematrixhitmedium
defencematrixhitlarge
Irradiatesmall
Irradiatemedium
Irradiatelarge
Ensnare
EnsnareUnitOverlaySmall
EnsnareUnitOverlayMedium
EnsnareUnitOverlayLarge
Plague
PlagueUnitOverlaySmall
PlagueUnitOverlayMedium
PlagueUnitOverlayLarge
Recall
Flag
Chrysalis
PsiEmmiter
DataDisc
KhadarinCrystal
MineralChunk
Unknown398
ProtossGasOrb
Unknown400
ZergGasSac
Unknown402
TerranGasTank
Unknown404
MineralChunkShad
ProtossGasOrbShad
ZergGasSackShad
TerranGasTankShad
DataDiskShadGround
DataDiskShadCarried
FlagShadGround
FlagShadCarried
CrystalShadGround
CrystalShadCarried
ChrysalisShadGround
ChrysalisShadCarried
PsiEmitterShadGround
PsiEmitterShadCarried
Unknown419
Unknown420
FlameThrower
MissleTrail
Unknown423
PlasmaShields
Unknown425
Unknown426
Unknown427
Smallexplosion
Spidermineexplosion
Unknown430
Unknown431
Unknown432
Unknown433
Unknown434
Unknown435
Unknown436
Unknown437
Unknown438
Unknown439
Fragmentationgrenadehit
Fragmentationgrenadesmoke
Unknown442
ScarabTrail
ScarabExplosion
Unknown445
BCLaserFireOverlay
LaserHit
Unknown448
HighTemplarTrail
TerranBuildingBurn
TerranBuildingBurn2
TerranBuildingBurn3
TerranBuildingBurn4
TerranBuildingBurn5
TerranBuildingBurn6
TerranBuildingBurn7
TerranBuildingBurn8
ZergBuildingBlood
ZergBuildingBlood2
ZergBuildingBlood3
ZergBuildingBlood4
ZergBuildingBlood5
ZergBuildingBlood6
ZergBuildingBlood7
ZergBuildingBlood8
ProtossBuildingBurn
ProtossBuildingBurn2
ProtossBuildingBurn3
ProtossBuildingBurn4
ProtossBuildingBurn5
ProtossBuildingBurn6
TerranBuildingBurn9
TerranBuildingBurn10
TerranBuildingBurn11
TerranBuildingBurn12
TerranBuildingBurn13
TerranBuildingBurn14
TerranBuildingBurn15
TerranBuildingBurn16
ZergBuildingBlood9
ZergBuildingBlood10
ZergBuildingBlood11
ZergBuildingBlood12
ZergBuildingBlood13
ZergBuildingBlood14
ZergBuildingBlood15
ZergBuildingBlood16
ProtossBuildingBurn7
ProtossBuildingBurn8
ProtossBuildingBurn9
ProtossBuildingBurn10
ProtossBuildingBurn11
ProtossBuildingBurn12
ProtossBuildingBurn13
Unknown495
Unknown496
Unknown497
Unknown498
Unknown499
Unknown500
Unknown501
Unknown502
Unknown503
Unknown504
Unknown505
Unknown506
Unknown507
Unknown508
Unknown509
Unknown510
Unknown511
Unknown512
Unknown513
Unknown514
Unknown515
Parasite
Consume
Unknown518
Unknown519
Unknown520
Unknown521
PhotonCannonsInterceptor
PhaseDisruptor
Unknown524
PsiStorm
FusionCutter
Unknown527
GeminiMissles
Unknown529
Unknown530
Unknown531
Unknown532
Unknown533
Unknown534
Unknown535
Unknown536
Unknown537
Unknown538
Unknown539
Unknown540
Unknown541
Unknown542
Unknown543
Unknown544
Unknown545
Unknown546
Unknown547
Unknown548
Unknown549
Unknown550
Unknown551
Unknown552
Unknown553
Unknown554
Unknown555
Unknown556
Unknown557
Unknown558
Unknown559
Unknown560
o022
o032
o048
o062
o072
o094
o110
o122
o146
o224
od022
od032
od048
od062
od072
od094
od110
od122
od146
od224
Unknown581
MapRevealer
Unknown583
PsiField1
PsiField2
PsiField3
PsiField4
StartLocation
AshWorldDoodadRock1
AshWorldDoodadRock1Shad
AshWorldDoodadRock2
AshWorldDoodadRock2Shad
AshWorldDoodadRock3
AshWorldDoodadRock3Shad
AshWorldDoodadRock4
AshWorldDoodadRock4Shad
AshWorldDoodadRock5
AshWorldDoodadRock5Shad
AshWorldDoodad
AshWorldDoodad2
AshWorldDoodad3
AshWorldDoodad4
AshWorldDoodad5
AshWorldDoodad6
AshWorldDoodad7
AshWorldDoodad8
AshWorldDoodad9
AshWorldDoodad10
AshWorldDoodad11
JungleDoodad
JungleDoodad2
JungleDoodad3
JungleDoodad4
JungleDoodad5
JungleDoodad6
JungleDoodad7
JungleDoodad8
JungleDoodad9
JungleDoodad10
JungleDoodad11
JungleDoodad12
JungleDoodad13
JungleDoodad14
JungleDoodad15
JungleDoodad16
JungleDoodad17
JungleDoodad18
JungleDoodad19
JungleDoodad20
JungleDoodad21
JungleDoodad22
JungleDoodad23
JungleDoodad24
JungleDoodad25
JungleDoodad26
JungleDoodad27
JungleDoodad28
JungleDoodad29
JungleDoodad30
JungleDoodad31
JungleDoodad32
JungleDoodad33
JungleDoodad34
JungleDoodad35
JungleDoodad36
JungleDoodad37
JungleDoodad38
JungleDoodad39
JungleDoodad40
JungleDoodad41
JungleDoodad42
JungleDoodad43
JungleDoodad44
JungleDoodad45
JungleDoodad46
JungleDoodad47
JungleDoodad48
JungleDoodad49
JungleDoodad50
JungleDoodad51
JungleDoodad52
JungleDoodad53
JungleDoodad54
JungleDoodad55
JungleDoodad56
SpacePlatformDoodad
SpacePlatformDoodad2
SpacePlatformDoodad3
SpacePlatformDoodad4
SpacePlatformDoodad5
SpacePlatformDoodad6
SpacePlatformDoodad7
SpacePlatformDoodad8
SpacePlatformDoodad9
SpacePlatformDoodad10
SpacePlatformDoodad11
SpacePlatformDoodad12
SpacePlatformDoodad13
SpacePlatformDoodad14
SpacePlatformDoodad15
SpacePlatformDoodad16
SpacePlatformDoodad17
SpacePlatformDoodad18
SpacePlatformDoodad19
SpacePlatformDoodad20
SpacePlatformDoodad21
SpacePlatformDoodad22
SpacePlatformDoodad23
SpacePlatformDoodad24
SpacePlatformDoodad25
BadlandsDoodad
BadlandsDoodad2
BadlandsDoodad3
BadlandsDoodad4
BadlandsDoodad5
BadlandsDoodad6
BadlandsDoodad7
BadlandsDoodad8
BadlandsDoodad9
BadlandsDoodad10
BadlandsDoodad11
BadlandsDoodad12
BadlandsDoodad13
BadlandsDoodad14
BadlandsDoodad15
BadlandsDoodad16
BadlandsDoodad17
BadlandsDoodad18
BadlandsDoodad19
BadlandsDoodad20
BadlandsDoodad21
BadlandsDoodad22
BadlandsDoodad23
BadlandsDoodad24
BadlandsDoodad25
BadlandsDoodad26
BadlandsDoodad27
BadlandsDoodad28
BadlandsDoodad29
BadlandsDoodad30
BadlandsDoodad31
BadlandsDoodad32
BadlandsDoodad33
BadlandsDoodad34
BadlandsDoodad35
BadlandsDoodad36
BadlandsDoodad37
BadlandsDoodad38
BadlandsDoodad39
BadlandsDoodad40
BadlandsDoodad41
BadlandsDoodad42
BadlandsDoodad43
BadlandsDoodad44
InstallationDoodad
InstallationDoodad2
InstallationDoodad3
InstallationDoodad4
InstallationDoodad5
InstallationDoodad6
InstallationDoodad7
InstallationDoodad8
InstallationDoodad9
InstallationDoodad10
InstallationDoodad11
InstallationDoodad12
InstallationDoodad13
InstallationDoodad14
InstallationDoodad15
InstallationDoodad16
InstallationDoodad17
InstallationDoodad18
InstallationDoodad19
InstallationDoodad20
TwilightDoodad
TwilightDoodad2
TwilightDoodad3
TwilightDoodad4
TwilightDoodad5
TwilightDoodad6
TwilightDoodad7
TwilightDoodad8
TwilightDoodad9
TwilightDoodad10
TwilightDoodad11
TwilightDoodad12
TwilightDoodad13
TwilightDoodad14
TwilightDoodad15
TwilightDoodad16
IceWorldDoodad
IceWorldDoodad2
IceWorldDoodad3
IceWorldDoodad4
IceWorldDoodad5
IceWorldDoodad6
IceWorldDoodad7
IceWorldDoodad8
IceWorldDoodad9
IceWorldDoodad10
IceWorldDoodad11
IceWorldDoodad12
IceWorldDoodad13
IceWorldDoodad14
IceWorldDoodad15
IceWorldDoodad16
IceWorldDoodad17
IceWorldDoodad18
IceWorldDoodad19
IceWorldDoodad20
IceWorldDoodad21
IceWorldDoodad22
IceWorldDoodad23
IceWorldDoodad24
IceWorldDoodad25
IceWorldDoodad26
IceWorldDoodad27
IceWorldDoodad28
IceWorldDoodad29
IceWorldDoodad30
IceWorldDoodad31
IceWorldDoodad32
IceWorldDoodad33
IceWorldDoodad34
IceWorldDoodad35
IceWorldDoodad36
IceWorldDoodad37
IceWorldDoodad38
IceWorldDoodad39
IceWorldDoodad40
IceWorldDoodad41
IceWorldDoodad42
IceWorldDoodad43
IceWorldDoodad44
IceWorldDoodad45
IceWorldDoodad46
IceWorldDoodad47
IceWorldDoodad48
IceWorldDoodad49
IceWorldDoodad50
IceWorldDoodad51
IceWorldDoodad52
IceWorldDoodad53
IceWorldDoodad54
IceWorldDoodad55
IceWorldDoodad56
IceWorldDoodad57
IceWorldDoodad58
IceWorldDoodad59
IceWorldDoodad60
IceWorldDoodad61
IceWorldDoodad62
IceWorldDoodad63
IceWorldDoodad64
IceWorldDoodad65
IceWorldDoodad66
IceWorldDoodad67
IceWorldDoodad68
IceWorldDoodad69
IceWorldDoodad70
IceWorldDoodad71
IceWorldDoodad72
IceWorldDoodad73
IceWorldDoodad74
IceWorldDoodad75
IceWorldDoodad76
IceWorldDoodad77
IceWorldDoodad78
IceWorldDoodad79
IceWorldDoodad80
DesertDoodad
DesertDoodad2
DesertDoodad3
DesertDoodad4
DesertDoodad5
DesertDoodad6
DesertDoodad7
DesertDoodad8
DesertDoodad9
DesertDoodad10
DesertDoodad11
DesertDoodad12
DesertDoodad13
DesertDoodad14
DesertDoodad15
DesertDoodad16
DesertDoodad17
DesertDoodad18
DesertDoodad19
DesertDoodad20
DesertDoodad21
DesertDoodad22
DesertDoodad23
DesertDoodad24
DesertDoodad25
DesertDoodad26
DesertDoodad27
DesertDoodad28
DesertDoodad29
DesertDoodad30
DesertDoodad31
DesertDoodad32
DesertDoodad33
DesertDoodad34
DesertDoodad35
DesertDoodad36
DesertDoodad37
DesertDoodad38
DesertDoodad39
DesertDoodad40
DesertDoodad41
DesertDoodad42
DesertDoodad43
DesertDoodad44
DesertDoodad45
DesertDoodad46
DesertDoodad47
DesertDoodad48
DesertDoodad49
DesertDoodad50
DesertDoodad51
DesertDoodad52
DesertDoodad53
DesertDoodad54
DesertDoodad55
DesertDoodad56
DesertDoodad57
DesertDoodad58
DesertDoodad59
DesertDoodad60
DesertDoodad61
DesertDoodad62
UnusedScout
LurkerEgg
Devourer
DevourerShad
DevourerBirth
DevourerDeath
LurkerBirth
Unknown920
Unknown921
LurkerShad
OvermindCocoon
OvermindCocoonShad
DarkArchonEnergy
DarkArchonBeing
DarkArchonTeamColors
DarkArchonDeath
Corsair
CorsairShad
CorsairOverlay
Unknown932
DarkTemplarBWUnit
WarpGate
WarpGateShad
WarpGateOverlay
XelNagaTemple
XelNagaTempleShad
Valkyrie
ValkyrieShad
ValkyrieOverlay
ValkyrieOverlay2
ValkyrieAfterburners
Medic
MedicShad
MedicDeath
PsiDisruptor
PsiDisruptorShad
PowerGenerater
PowerGeneraterShad
DisruptionWeb
Scantid
ScantidShad
Kakaru
KakaruShad
Ursadon
UrsadonShad
UrajCrystal
KhalisCrystal
Unknown960
SubterraneanSpinesOverlay
AcidSporesProjectile
AcidSporesHit
NeutronFlare
HaloRocket
OpticFlareProjectile
RestorationSmall
RestorationMedium
RestorationLarge
Unknown970
Unknown971
Unknown972
MindControlSmall
MindControlMedium
MindControlLarge
OpticFlareSmall
OpticFlareMedium
OpticFlareLarge
FeedbackSmall
FeedbackMedium
FeedbackLarge
MaelstromUnitOverlaySmall
MaelstromUnitOverlayMedium
MaelstromUnitOverlayLarge
SubterraneanSpines
AcidSporesOverlay1Small
AcidSporesOverlay2Small
AcidSporesOverlay3Small
AcidSporesOverlay4Small
AcidSporesOverlay1Medium
AcidSporesOverlay2Medium
AcidSporesOverlay3Medium
AcidSporesOverlay4Medium
AcidSporesOverlay1Large
AcidSporesOverlay2Large
AcidSporesOverlay3Large
AcidSporesOverlay4Large
MaelstromHit
