Scourge
Unknown1
ScourgeDeath
ScourgeExplosion
Broodling
BroodlingRemnants
InfestedTerran
InfestedTerranExplosion
GuardianCocoon
Defiler
DefilerRemnants
Drone
DroneRemnants
Egg
EggRemnants
Guardian
GuardianBirth
GuardianDeath
Hydralisk
HydraliskRemnants
InfestedKerrigan
Larva
LarvaRemnants
Mutalisk
MutaliskDeath
Overlord
OverlordDeath
Queen
QueenDeath
Ultralisk
UltraliskRemnants
Zergling
ZerglingRemnants
ZergAirDeathExplosion
ZergBuildingExplosion
Unknown35
ZergBirth
EggSpawn
Cerebrate
InfestedCommandCenter
SpawningPool
EvolutionChamber
CreepColony
Hatchery
Hive
Lair
SunkenColony
MatureChrysalis
GreaterSpire
DefilerMound
QueenNest
NydusCanal
Overmind_withShell_
OvermindRemnants
Overmind_withoutShell_
UltraliskCavern
Extractor
HydraliskDen
Spire
SporeColony
InfestedCommandCenterOverlay
ZergConstruction_Small_
ZergConstruction_Medium_
ZergBuildingMorph
ZergConstruction_Large_
ZergBuildingSpawn
Battlecruiser
Civilian
Dropship
Firebat
Ghost
GhostRemnants
GhostDeath
NukeBeam
NukeTargetDot
Goliath_Base_
Goliath_Turret_
SarahKerrigan
Marine
MarineRemnants
MarineDeath
ScannerSweep
Wraith
WraithAfterburners
SCV
Unknown85
Vulture
SpiderMine
ScienceVessel_Base_
ScienceVessel_Turret_
SiegeTank_Tank_Base
SiegeTank_Tank_Turret
SiegeTank_Siege_Base
SiegeTank_Siege_Turret
Academy
AcademyOverlay
Barracks
Armory
ArmoryOverlay
ComsatStation
ComsatConnector
ComsatOverlay
CommandCenter
CommandCenterOverlay
CrashedBattlecruiser
SupplyDepot
SupplyDepotOverlay
ControlTower
ControlTowerConnector
ControlTowerOverlay
Unknown110
Factory
FactoryOverlay
CovertOps
CovertOpsConnector
CovertOpsOverlay
IonCannon
MachineShop
MachineShopConnector
MissileTurret_Base_
MissileTurret_Turret_
PhysicsLab
PhysicsLabConnector
Bunker
BunkerOverlay
Refinery
ScienceFacility
ScienceFacilityOverlay
NuclearSilo
NuclearSiloConnector
NuclearSiloOverlay
NuclearMissile
Unknown132
NukeExplosion
Starport
StarportOverlay
EngineeringBay
EngineeringBayOverlay
TerranConstruction_Large_
TerranConstruction_Medium_
TerranConstruction_Small_
AddonConstruction
Explosion_Small_
Explosion_Medium_
Explosion_Large_
BuildingRubbleHeader
Arbiter
ArchonEnergy
ArchonBeing
ArchonSwirl
Unknown150
Carrier
DarkTemplar_Hero_
Dragoon
DragoonRemnants
Interceptor
Probe
Shuttle
HighTemplar
Reaver
Scarab
Scout
ScoutEngines
Zealot
ZealotDeath
Observer
TemplarArchives
Assimilator
Observatory
Unknown169
CitadelOfAdun
Forge
ForgeOverlay
Gateway
CyberneticsCore
CybrneticsCoreOverlay
KhaydarinCrystalFormation
Nexus
NexusOverlay
PhotonCannon
ArbiterTribunal
Pylon
RoboticsFacility
ShieldBattery
ShieldBatteryOverlay
Stargate
StargateOverlay
StasisCell
RoboticsSupportBay
Temple
FleetBeacon
WarpAnchor
WarpFlashHeader
WarpTexture
Unknown194
Unknown195
Unknown196
Unknown197
Ragnasaur
Rhynadon
Bengalaas
VespeneGeyser
VespeneGeyser2
VespeneGeyserShadow
MineralFieldType1
MineralFieldType2
MineralFieldType3
Unknown207
ZergBeaconOverlay
TerranBeaconOverlay
ProtossBeaconOverlay
ZergBeacon
ProtossBeacon
TerranBeacon
Unknwon214
PowerupsShadowHeader
Flag
PsiEmitter
DataDisk
CrystalsShadows
YoungChrysalis
OreChunk
OreChunk2
GasSac
GasSac2
GasOrb
GasOrb2
GasTank
GasTank2
ArchonOverlay
ParticleBeamHit
DualPhotonBlasterHit
AntiMatterMissile
PulseCannon
PhaseDisruptor
STASTSPhotonCannonOverlay
PsionicStorm
FusionCutterHit
GaussRifleHit
GeminiMissiles
LongboltMissile
C10CanisterRifleHit
FragmentationGrenade
Lasers
Unknown244
LockdownHit
ArcliteShockCannonHit
YamatoGun
YamatoGunTrail
LockdownMissile
SiegeTank_Tank_TurretOverlay
SiegeTank_Siege_TurretOverlay
ScienceVesselOverlay
HallucinationHit
Unknown254
Unknown255
NeedleSpinesHit
Venom
SubterraneanTentacle
VenomHit
AcidSpore
AcidSporeHit
GuardianAttackOverlay
Unknown263
GlaveWurm
GlaveWurmHit
SeekerSpores
QueenSpellHolder
PsionicShockwaveHit
GlaveWurmTrail
SeekerSporesOverlay
AcidSpray
Unknown272
GeminiMissilesTrail
BurowingDust
ShadowHeader
ShieldOverlay
Unknown277
DoubleExplosion
NuclearMissileDeath
SpiderMineExplosion
VespeneGeyserSmokes
Unknown282
FragmentationGrenadeHit
GrenadeShotSmoke
AntiMatterMissileHit
AntiMatterMissileOverlay
ScarabHit
CursorMarker
CircleMarker
CarrierEngines
Engines_GlowHeader
WhiteCircle
BattlecruiserAttackOverlay
LasersHit
Unknown295
PlagueCloud
PlagueOverlay
Consume
DarkSwarm
DefensiveMatrixOverlay
DefensiveMatrixHit
Ensnare
EnsnareOverlay
Irradiate
RecallField
StasisFieldOverlay
StasisFieldHit
RechargeShields_Large_
RechargeShields_Small_
HighTemplarGlow
NeedleSpinesOverlay
Flamethrower
GeminiMissilesExplosion
YamatoGunOverlay
YamatoGunHit
Unknown316
PsionicStormPartVariant1
PsionicStormPartVariant2
EMPShockwaveHit_Part1_
EMPShockwaveHit_Part2_
HallucinationDeath
Flames_Small_
Unknown323
Bleeding_Small_Variant1
Bleeding_Small_Variant2
Flames_Large_
Unknown327
Bleeding_Large_Variant1
Bleeding_Large_Variant2
DustVariant1
DustVariant2
ConfirmCircle
PsiFieldType1
PsiFieldType2
StartLocation
DoodadHeader
DoodadHeader_secondary_
SpacePlatformDoodad
SpacePlatformDoodad2
InstallationDoodad
InstallationDoodad2
InstallationRightWallFans
InstallationLeftWallFans
InstallationGear
FloorMissileTrap
FloorMissileTrapTurret
FloorGunTrap
WallMissileTrapType1
WallMissileTrapTypet2
WallFlameTrapType1
WallFlameTrapType2
MapRevealer
LurkerEgg
Lurker
Unknown355
LurkerRemnants
Devourer
DevourerBirth
DevourerDeath
Medic
MedicRemnants
Valkyrie
Unknown363
Unknown364
DarkArchonEnergy
DarkArchonBeing
DarkArchonSwirl
DarkArchonDeath
Corsair
CorsairEngines
Unknown371
DarkTemplar_Unit_
NeutronFlare
DisruptionWeb
Scantid
Kakaru
Ursadon
HaloRocket
OpticalFlare
SubterraneanSpinesOverlay
CorrosiveAcid
CorrosiveAcidHit
AcidSpores_1_Overlay
AcidSpores_2_3_Overlay
AcidSpores_4_5_Overlay
AcidSpores_6_9_Overlay
IceDoodad
DoodadShadowsHeader_BW_
RestorationHit
MindControlHit
OpticalFlareHit
Feedback
MaelstormOverlay
Unknown394
SubterraneanSpines
DesertDoodad
DesertDoodad2
DesertDoodad3
DesertDoodadOverlay
DesertDoodad4
TwilightDoodad
TwilightDoodad2
TwilightDoodad3
TwilightDoodad4
OvermindCocoon
WarpGate
PsiDisrupter
PowerGenerator
WarpGateOverlay
XelNagaTemple
MaelstromHit
