AshWorldDoodad_Rock1_
AshWorldDoodad_Rock2_
AshWorldDoodad_Rock3_
AshWorldDoodad_Rock4_
AshWorldDoodad_Rock5_
AshWorldDoodad
AshWorldDoodad
AshWorldDoodad
AshWorldDoodad
AshWorldDoodad
AshWorldDoodad
AshWorldDoodad
AshWorldDoodad
AshWorldDoodad
AshWorldDoodad
AshWorldDoodad
JungleDoodad
JungleDoodad
JungleDoodad
JungleDoodad
JungleDoodad
JungleDoodad
JungleDoodad
JungleDoodad
JungleDoodad
JungleDoodad
JungleDoodad
JungleDoodad
JungleDoodad
JungleDoodad
JungleDoodad
JungleDoodad
JungleDoodad
JungleDoodad
JungleDoodad
JungleDoodad
JungleDoodad
JungleDoodad
JungleDoodad
JungleDoodad
JungleDoodad
JungleDoodad
JungleDoodad
JungleDoodad
JungleDoodad
JungleDoodad
JungleDoodad
JungleDoodad
JungleDoodad
JungleDoodad
JungleDoodad
JungleDoodad
JungleDoodad
JungleDoodad
JungleDoodad
JungleDoodad
JungleDoodad
SpacePlatformDoodad
SpacePlatformDoodad
SpacePlatformDoodad
SpacePlatformDoodad
SpacePlatformDoodad
SpacePlatformDoodad
SpacePlatformDoodad
SpacePlatformDoodad
SpacePlatformDoodad
SpacePlatformDoodad
SpacePlatformDoodad
SpacePlatformDoodad
SpacePlatformDoodad
SpacePlatformDoodad
SpacePlatformDoodad
SpacePlatformDoodad
SpacePlatformDoodad
SpacePlatformDoodad
SpacePlatformDoodad
BadlandsDoodad
BadlandsDoodad
BadlandsDoodad
BadlandsDoodad
BadlandsDoodad
BadlandsDoodad
BadlandsDoodad
BadlandsDoodad
BadlandsDoodad
BadlandsDoodad
BadlandsDoodad
BadlandsDoodad
BadlandsDoodad
BadlandsDoodad
BadlandsDoodad
BadlandsDoodad
BadlandsDoodad
BadlandsDoodad
BadlandsDoodad
BadlandsDoodad
BadlandsDoodad
BadlandsDoodad
BadlandsDoodad
BadlandsDoodad
BadlandsDoodad
BadlandsDoodad
BadlandsDoodad
BadlandsDoodad
BadlandsDoodad
BadlandsDoodad
BadlandsDoodad
BadlandsDoodad
BadlandsDoodad
BadlandsDoodad
BadlandsDoodad
Unknown0
Unknown1
Unknown2
Unknown3
Unknown4
Unknown5
Unknown6
Unknown7
Unknown8
Unknown9
Unknown10
Unknown11
Unknown12
Unknown13
Unknown14
Unknown15
Unknown16
Unknown17
Unknown18
Scourge
ScourgeDeath
ScourgeExplosion
Broodling
BroodlingDeath
InfestedTerran
InfestedTerranExplosion
GuardianCocoon
Defiler
DefilerDeath
Drone
DroneDeath
ZergEgg
ZergEggDeath
Guardian
GuardianDeath
Hydralisk
HydraliskDeath
InfestedKerrigan
Larva
LarvaDeath
Mutalisk
MutaliskDeath
Overlord
OverlordDeath
Queen
QueenBirth
Ultralisk
UltraliskDeath
Zergling
ZerglingDeath
Cerebrate
InfestedCommandCenter
SpawningPool
MatureChysalis
EvolutionChamber
CreepColony
Hatchery
Hive
Lair
SunkenColony
GreaterSpire
DefilerMound
Queen'sNest
NydusCanal
Overmindw/shell
Overmindw/outshell
UltraliskCavern
Extractor
HydraliskDen
Spire
SporeColony
ZergBuildingSpawn_Small_
ZergBuildingSpawn_Medium_
ZergBuildingSpawn_Large_
ZergBuildingDeath
ZergBuildingRubble_Large_
ZergBuildingRubble_Small_
Arbiter
ArchonEnergy
Carrier
Dragoon
DragoonDeath
Interceptor
Probe
Scout
Shuttle
HighTemplar
DarkTemplar_Hero_
Reaver
Scarab
Zealot
Observer
TemplarArchives
Assimilator
Observatory
CitadelofAdun
Forge
Gateway
CyberneticsCore
KhaydarinCrystal
Nexus
PhotonCannon
ArbiterTribunal
Pylon
RoboticsFacility
ShieldBattery
Stargate
StasisCell/Prison
RoboticsSupportBay
ProtossTemple
FleetBeacon
ProtossBuildingExplosion_Large_
ProtossBuildingRubble_Small_
ProtossBuildingRubble_Large_
Battlecruiser
Civilian
Dropship
Firebat
Ghost
GhostDeath
NukeTarget
GoliathBase
GoliathTurret
Kerrigan_Ghost_
Marine
MarineDeath
Unknown19
Wraith
SCV
SiegeTank_Tank_Base
SiegeTank_Tank_Turret
SiegeTank_Siege_Base
SiegeTank_Siege_Turret
Vulture
SpiderMine
ScienceVessel
ScienceVesselTurret
Academy
Barracks
Armory
ComsatStation
CommandCenter
SupplyDepot
ControlTower
Factory
CovertOps
IonCannon
MachineShop
MissleTurret_Base_
CrashedNoradII
PhysicsLab
Bunker
Refinery
ScienceFacility
NukeSilo
Unknown20
Unknown21
Starport
Unknown22
Unknown23
Unknown24
Unknown25
Unknown26
Unknown27
VespeneGeyser
Ragnasaur_Ashworld_
Rynadon_Badlands_
Bengalass_Jungle_
MineralDeposit1
MineralDeposit2
MineralDeposit3
Unused
ZergBeacon
TerranBeacon
ProtossBeacon
DarkSwarm
Flag
Chrysalis
PsiEmmiter
DataDisc
KhadarinCrystal
MineralChunk
Unknown28
ProtossGasOrb
Unknown29
ZergGasSac
Unknown30
TerranGasTank
Unknown31
Unknown32
StartLocation
Unknown33
Unknown34
Unknown35
Unknown36
Unknown37
Unknown38
Unknown39
Unknown40
Unknown41
Unknown42
Unknown43
Unknown44
Unknown45
Unknown46
Unknown47
Unknown48
Unknown49
ZergEggSpawn
Unknown50
Unknown51
Unknown52
Unknown53
Unknown54
Unknown55
Unknown56
Unknown57
Unknown58
Unknown59
Unknown60
Unknown61
NeedleSpines
Unknown62
Unknown63
Unknown64
Unknown65
PhaseDisruptor
Unknown66
PsiStorm
FusionCutter
Unknown67
GeminiMissles
Unknown68
Unknown69
Unknown70
Unknown71
Unknown72
Unknown73
Unknown74
Unknown75
Unknown76
Unknown77
Unknown78
Unknown79
Unknown80
Unknown81
Unknown82
Unknown83
Unknown84
Unknown85
Unknown86
Unknown87
Consume
Ensnare
Unknown88
Unknown89
Unknown90
Unknown91
PhaseDisruptor
Unknown92
Unknown93
Unknown94
Unknown95
Unknown96
Unknown97
Unknown98
BunkerOverlay
Unknown99
Recall
Unknown100
Unknown101
Unknown102
Unknown103
Unknown104
Unknown105
Unknown106
Unknown107
Unknown108
Unknown109
Unknown110
Unknown111
Unknown112
Unknown113
Unknown114
Unknown115
Unknown116
Unknown117
Unknown118
Unknown119
Unknown120
Unknown121
Unknown122
Unknown123
Unknown124
Unknown125
Unknown126
Unknown127
Unknown128
Unknown129
Unknown130
Unknown131
Unknown132
Unknown133
Unknown134
Unknown135
Unknown136
Unknown137
Unknown138
Unknown139
Unknown140
Unknown141
Unknown142
Unknown143
Unknown144
Unknown145
Unknown146
Unknown147
Unknown148
Unknown149
Unknown150
Unknown151
Unknown152
Unknown153
Unknown154
Unknown155
Unknown156
Unknown157
Unknown158
Unknown159
Unknown160
Unknown161
Unknown162
Unknown163
Unknown164
Unknown165
Unknown166
Unknown167
Unknown168
Unknown169
Unknown170
Unknown171
Unknown172
Unknown173
Unknown174
Unknown175
Unknown176
Unknown177
Unknown178
Unknown179
Unknown180
Unknown181
Unknown182
Unknown183
Unknown184
Unknown185
Unknown186
Unknown187
Unknown188
Unknown189
Unknown190
Unknown191
Unknown192
Unknown193
Unknown194
Unknown195
Unknown196
Unknown197
Unknown198
Unknown199
Unknown200
Unknown201
Unknown202
Unknown203
Unknown204
Unknown205
Unknown206
Unknown207
Unknown208
Unknown209
Unknown210
Unknown211
Unknown212
Unknown213
Unknown214
Unknown215
Unknown216
Unknown217
Unknown218
Unknown219
Unknown220
Unknown221
Unknown222
Unknown223
Unknown224
Unknown225
Unknown226
Unknown227
Unknown228
Unknown229
Unknown230
Unknown231
Unknown232
Unknown233
Unknown234
Unknown235
Unknown236