TerranMarine
TerranGhost
TerranVulture
TerranGoliath
GoliathTurret
TerranSiegeTank_TankMode_
TankTurret_TankMode_
TerranSCV
TerranWraith
TerranScienceVessel
GuiMontang_Firebat_
TerranDropship
TerranBattlecruiser
VultureSpiderMine
NuclearMissile
TerranCivilian
SarahKerrigan_Ghost_
AlanSchezar_Goliath_
AlanSchezarTurret
JimRaynor_Vulture_
JimRaynor_Marine_
TomKazansky_Wraith_
Magellan_ScienceVessel_
EdmundDuke_TankMode_
EdmundDukeTurret_TankMode_
EdmundDuke_SiegeMode_
EdmundDukeTurret_SiegeMode_
ArcturusMengsk_Battlecruiser_
Hyperion_Battlecruiser_
NoradII_Battlecruiser_
TerranSiegeTank_SiegeMode_
TankTurret_SiegeMode_
Firebat
ScannerSweep
TerranMedic
ZergLarva
ZergEgg
ZergZergling
ZergHydralisk
ZergUltralisk
ZergBroodling
ZergDrone
ZergOverlord
ZergMutalisk
ZergGuardian
ZergQueen
ZergDefiler
ZergScourge
Torrarsque_Ultralisk_
Matriarch_Queen_
InfestedTerran
InfestedKerrigan
UncleanOne_Defiler_
HunterKiller_Hydralisk_
DevouringOne_Zergling_
Kukulza_Mutalisk_
Kukulza_Guardian_
Yggdrasill_Overlord_
TerranValkyrieFrigate
Mutalisk/GuardianCocoon
ProtossCorsair
ProtossDarkTemplar
ZergDevourer
ProtossDarkArchon
ProtossProbe
ProtossZealot
ProtossDragoon
ProtossHighTemplar
ProtossArchon
ProtossShuttle
ProtossScout
ProtossArbiter
ProtossCarrier
ProtossInterceptor
DarkTemplar
Zeratul_DarkTemplar_
Tassadar/Zeratul_Archon_
Fenix_Zealot_
Fenix_Dragoon_
Tassadar_Templar_
Mojo_Scout_
Warbringer_Reaver_
Gantrithor_Carrier_
ProtossReaver
ProtossObserver
ProtossScarab
Danimoth_Arbiter_
Aldaris_Templar_
Artanis_Scout_
Rhynadon_BadlandsCritter_
Bengalaas_JungleCritter_
Unused-WasCargoShip
Unused-WasMercenaryGunship
Scantid_DesertCritter_
Kakaru_TwilightCritter_
Ragnasaur_AshworldCritter_
Ursadon_IceWorldCritter_
LurkerEgg
Raszagal
SamirDuran_Ghost_
AlexeiStukov_Ghost_
MapRevealer
GerardDuGalle
ZergLurker
InfestedDuran
DisruptionWeb
TerranCommandCenter
TerranComsatStation
TerranNuclearSilo
TerranSupplyDepot
TerranRefinery
TerranBarracks
TerranAcademy
TerranFactory
TerranStarport
TerranControlTower
TerranScienceFacility
TerranCovertOps
TerranPhysicsLab
Unused-WasStarbase_
TerranMachineShop
Unused-WasRepairBay_
TerranEngineeringBay
TerranArmory
TerranMissileTurret
TerranBunker
NoradII
IonCannon
UrajCrystal
KhalisCrystal
InfestedCommandCenter
ZergHatchery
ZergLair
ZergHive
ZergNydusCanal
ZergHydraliskDen
ZergDefilerMound
ZergGreaterSpire
ZergQueen'sNest
ZergEvolutionChamber
ZergUltraliskCavern
ZergSpire
ZergSpawningPool
ZergCreepColony
ZergSporeColony
UnusedZergBuilding
ZergSunkenColony
ZergOvermind_WithShell_
ZergOvermind
ZergExtractor
MatureChrysalis
ZergCerebrate
ZergCerebrateDaggoth
UnusedZergBuilding5
ProtossNexus
ProtossRoboticsFacility
ProtossPylon
ProtossAssimilator
UnusedProtossBuilding_158_
ProtossObservatory
ProtossGateway
UnusedProtossBuilding_162_
ProtossPhotonCannon
ProtossCitadelofAdun
ProtossCyberneticsCore
ProtossTemplarArchives
ProtossForge
ProtossStargate
StasisCell/Prison
ProtossFleetBeacon
ProtossArbiterTribunal
ProtossRoboticsSupportBay
ProtossShieldBattery
KhaydarinCrystalFormation
ProtossTemple
Xel'NagaTemple
MineralField_Type1_
MineralField_Type2_
MineralField_Type3_
Cave
Cave-in
Cantina
MiningPlatform
IndependantCommandCenter
IndependantStarport
IndependantJumpGate
Ruins
KyadarinCrystalFormation
VespeneGeyser
WarpGate
PSIDisruptor
ZergMarker
TerranMarker
ProtossMarker
ZergBeacon
TerranBeacon
ProtossBeacon
ZergFlagBeacon
TerranFlagBeacon
ProtossFlagBeacon
PowerGenerator
OvermindCocoon
DarkSwarm
FloorMissileTrap
FloorHatch
LeftUpperLevelDoor
RightUpperLevelDoor
LeftPitDoor
RightPitDoor
FloorGunTrap
LeftWallMissileTrap
LeftWallFlameTrap
RightWallMissileTrap
RightWallFlameTrap
StartLocation
Flag
YoungChrysalis
PsiEmitter
DataDisc
KhaydarinCrystal
MineralClusterType1
MineralClusterType2
ProtossVespeneGasOrbType1
ProtossVespeneGasOrbType2
ZergVespeneGasSacType1
ZergVespeneGasSacType2
TerranVespeneGasTankType1
TerranVespeneGasTankType2
